Nothing to build in platform 'SVM_Speech_Platform'

16:06:21 **** Clean-only build of configuration Debug for project SVM_Speech_App ****
make clean 
rm -rf  ./src/helloworld.o ./src/platform.o  ./src/helloworld.d ./src/platform.d  SVM_Speech_App.elf.size  SVM_Speech_App.elf
' '
16:06:24 **** Build of configuration Debug for project SVM_Speech_App ****
make all 
make --no-print-directory pre-build
a9-linaro-pre-build-step
' '
make --no-print-directory main-build
'Building file: ../src/helloworld.c'
'Invoking: ARM v7 gcc compiler'
arm-none-eabi-gcc -Wall -O0 -g3 -c -fmessage-length=0 -MT"src/helloworld.o" -mcpu=cortex-a9 -mfpu=vfpv3 -mfloat-abi=hard -IC:/Users/ihsan/workspace/SVM_Speech_Vitis_IDE/SVM_Speech_Platform/export/SVM_Speech_Platform/sw/SVM_Speech_Platform/standalone_domain/bspinclude/include -MMD -MP -MF"src/helloworld.d" -MT"src/helloworld.o" -o "src/helloworld.o" "../src/helloworld.c"
'Finished building: ../src/helloworld.c'
' '
'Building file: ../src/platform.c'
'Invoking: ARM v7 gcc compiler'
arm-none-eabi-gcc -Wall -O0 -g3 -c -fmessage-length=0 -MT"src/platform.o" -mcpu=cortex-a9 -mfpu=vfpv3 -mfloat-abi=hard -IC:/Users/ihsan/workspace/SVM_Speech_Vitis_IDE/SVM_Speech_Platform/export/SVM_Speech_Platform/sw/SVM_Speech_Platform/standalone_domain/bspinclude/include -MMD -MP -MF"src/platform.d" -MT"src/platform.o" -o "src/platform.o" "../src/platform.c"
'Finished building: ../src/platform.c'
' '
'Building target: SVM_Speech_App.elf'
'Invoking: ARM v7 gcc linker'
arm-none-eabi-gcc -mcpu=cortex-a9 -mfpu=vfpv3 -mfloat-abi=hard -Wl,-build-id=none -specs=Xilinx.spec -Wl,-T -Wl,../src/lscript.ld -LC:/Users/ihsan/workspace/SVM_Speech_Vitis_IDE/SVM_Speech_Platform/export/SVM_Speech_Platform/sw/SVM_Speech_Platform/standalone_domain/bsplib/lib -o "SVM_Speech_App.elf"  ./src/helloworld.o ./src/platform.o   -lm -Wl,--start-group,-lxil,-lgcc,-lc,--end-group
'Finished building target: SVM_Speech_App.elf'
' '
'Invoking: ARM v7 Print Size'
arm-none-eabi-size SVM_Speech_App.elf  |tee "SVM_Speech_App.elf.size"
   text	   data	    bss	    dec	    hex	filename
  58557	   2328	 311592	 372477	  5aefd	SVM_Speech_App.elf
'Finished building: SVM_Speech_App.elf.size'
' '
16:06:26 **** Build of configuration Debug for project SVM_Speech_App_system ****
make all 
Generating bif file for the system project
generate_system_bif.bat 61351 C:/Users/ihsan/workspace/SVM_Speech_Vitis_IDE/SVM_Speech_Platform/export/SVM_Speech_Platform/SVM_Speech_Platform.xpfm standalone_domain C:/Users/ihsan/workspace/SVM_Speech_Vitis_IDE/SVM_Speech_App_system/Debug/system.bif
sdcard_gen --xpfm C:/Users/ihsan/workspace/SVM_Speech_Vitis_IDE/SVM_Speech_Platform/export/SVM_Speech_Platform/SVM_Speech_Platform.xpfm --sys_config SVM_Speech_Platform --bif C:/Users/ihsan/workspace/SVM_Speech_Vitis_IDE/SVM_Speech_App_system/Debug/system.bif --bitstream C:/Users/ihsan/workspace/SVM_Speech_Vitis_IDE/SVM_Speech_App/_ide/bitstream/design_1_wrapper.bit --elf C:/Users/ihsan/workspace/SVM_Speech_Vitis_IDE/SVM_Speech_App/Debug/SVM_Speech_App.elf,ps7_cortexa9_0
creating BOOT.BIN using C:/Users/ihsan/workspace/SVM_Speech_Vitis_IDE/SVM_Speech_App/_ide/bitstream/design_1_wrapper.bit
Running C:/Xilinx/Vitis/2022.2/bin/bootgen  -image C:/Users/ihsan/workspace/SVM_Speech_Vitis_IDE/SVM_Speech_App_system/Debug/sd_card_temp/boot.bif -w -o i BOOT.BIN
