16:06:24 **** Build of configuration Debug for project SVM_Speech_App ****
make all 
make --no-print-directory pre-build
a9-linaro-pre-build-step
' '
make --no-print-directory main-build
'Building file: ../src/helloworld.c'
'Invoking: ARM v7 gcc compiler'
arm-none-eabi-gcc -Wall -O0 -g3 -c -fmessage-length=0 -MT"src/helloworld.o" -mcpu=cortex-a9 -mfpu=vfpv3 -mfloat-abi=hard -IC:/Users/ihsan/workspace/SVM_Speech_Vitis_IDE/SVM_Speech_Platform/export/SVM_Speech_Platform/sw/SVM_Speech_Platform/standalone_domain/bspinclude/include -MMD -MP -MF"src/helloworld.d" -MT"src/helloworld.o" -o "src/helloworld.o" "../src/helloworld.c"
'Finished building: ../src/helloworld.c'
' '
'Building file: ../src/platform.c'
'Invoking: ARM v7 gcc compiler'
arm-none-eabi-gcc -Wall -O0 -g3 -c -fmessage-length=0 -MT"src/platform.o" -mcpu=cortex-a9 -mfpu=vfpv3 -mfloat-abi=hard -IC:/Users/ihsan/workspace/SVM_Speech_Vitis_IDE/SVM_Speech_Platform/export/SVM_Speech_Platform/sw/SVM_Speech_Platform/standalone_domain/bspinclude/include -MMD -MP -MF"src/platform.d" -MT"src/platform.o" -o "src/platform.o" "../src/platform.c"
'Finished building: ../src/platform.c'
' '
'Building target: SVM_Speech_App.elf'
'Invoking: ARM v7 gcc linker'
arm-none-eabi-gcc -mcpu=cortex-a9 -mfpu=vfpv3 -mfloat-abi=hard -Wl,-build-id=none -specs=Xilinx.spec -Wl,-T -Wl,../src/lscript.ld -LC:/Users/ihsan/workspace/SVM_Speech_Vitis_IDE/SVM_Speech_Platform/export/SVM_Speech_Platform/sw/SVM_Speech_Platform/standalone_domain/bsplib/lib -o "SVM_Speech_App.elf"  ./src/helloworld.o ./src/platform.o   -lm -Wl,--start-group,-lxil,-lgcc,-lc,--end-group
'Finished building target: SVM_Speech_App.elf'
' '
'Invoking: ARM v7 Print Size'
arm-none-eabi-size SVM_Speech_App.elf  |tee "SVM_Speech_App.elf.size"
   text	   data	    bss	    dec	    hex	filename
  58557	   2328	 311592	 372477	  5aefd	SVM_Speech_App.elf
'Finished building: SVM_Speech_App.elf.size'
' '

16:06:26 Build Finished (took 1s.708ms)

